Created by PLY version 3.8 (http://www.dabeaz.com/ply)
